Warning: No PCF file specified; IO pins will be placed automatically

Info: Packing constants..
Info: Packing IOs..
Info: Packing LUT-FFs..
Info:        0 LCs used as LUT4 only
Info:      254 LCs used as LUT4 and DFF
Info: Packing non-LUT FFs..
Info:      381 LCs used as DFF only
Info: Packing carries..
Info:        0 LCs used as CARRY only
Info: Packing indirect carry+LUT pairs...
Info:        0 LUTs merged into carry LCs
Info: Packing RAMs..
Info: Placing PLLs..
Info: Packing special functions..
Info: Packing PLLs..
Info: Promoting globals..
Info: promoting clk_i$SB_IO_IN (fanout 635)
Info: promoting rst_i$SB_IO_IN [reset] (fanout 635)
Info: Constraining chains...
Info:        0 LCs used to legalise carry chains.
Info: Checksum: 0xaa6d5219

Info: Device utilisation:
Info: 	         ICESTORM_LC:   637/ 7680     8%
Info: 	        ICESTORM_RAM:     0/   32     0%
Info: 	               SB_IO:     5/  256     1%
Info: 	               SB_GB:     2/    8    25%
Info: 	        ICESTORM_PLL:     0/    2     0%
Info: 	         SB_WARMBOOT:     0/    1     0%

Info: Placed 0 cells based on constraints.
Info: Creating initial analytic placement for 637 cells, random placement wirelen = 18633.
Info:     at initial placer iter 0, wirelen = 39
Info:     at initial placer iter 1, wirelen = 39
Info:     at initial placer iter 2, wirelen = 39
Info:     at initial placer iter 3, wirelen = 39
Info: Running main analytical placer, max placement attempts per cell = 51842.
Info:     at iteration #1, type ALL: wirelen solved = 39, spread = 1335, legal = 1333; time = 0.01s
Info:     at iteration #2, type ALL: wirelen solved = 86, spread = 1106, legal = 1106; time = 0.01s
Info:     at iteration #3, type ALL: wirelen solved = 164, spread = 951, legal = 1032; time = 0.01s
Info:     at iteration #4, type ALL: wirelen solved = 205, spread = 901, legal = 901; time = 0.01s
Info:     at iteration #5, type ALL: wirelen solved = 297, spread = 739, legal = 739; time = 0.01s
Info:     at iteration #6, type ALL: wirelen solved = 331, spread = 702, legal = 702; time = 0.01s
Info:     at iteration #7, type ALL: wirelen solved = 359, spread = 749, legal = 749; time = 0.01s
Info:     at iteration #8, type ALL: wirelen solved = 386, spread = 694, legal = 694; time = 0.01s
Info:     at iteration #9, type ALL: wirelen solved = 403, spread = 728, legal = 784; time = 0.01s
Info:     at iteration #10, type ALL: wirelen solved = 433, spread = 769, legal = 769; time = 0.01s
Info:     at iteration #11, type ALL: wirelen solved = 467, spread = 888, legal = 888; time = 0.01s
Info:     at iteration #12, type ALL: wirelen solved = 523, spread = 786, legal = 867; time = 0.01s
Info:     at iteration #13, type ALL: wirelen solved = 485, spread = 759, legal = 759; time = 0.01s
Info: HeAP Placer Time: 0.15s
Info:   of which solving equations: 0.08s
Info:   of which spreading cells: 0.02s
Info:   of which strict legalisation: 0.00s

Info: Running simulated annealing placer for refinement.
Info:   at iteration #1: temp = 0.000000, timing cost = 77, wirelen = 694
Info:   at iteration #5: temp = 0.000000, timing cost = 77, wirelen = 621
Info:   at iteration #5: temp = 0.000000, timing cost = 58, wirelen = 626
Info: SA placement time 0.10s

Info: Max frequency for clock 'clk_i$SB_IO_IN_$glb_clk': 412.71 MHz (FAIL at 432.00 MHz)

Info: Max delay <async>                         -> posedge clk_i$SB_IO_IN_$glb_clk: 4.28 ns
Info: Max delay posedge clk_i$SB_IO_IN_$glb_clk -> <async>                        : 2.23 ns

Info: Slack histogram:
Info:  legend: * represents 8 endpoint(s)
Info:          + represents [1,8) endpoint(s)
Info: [  -109,    -60) |+
Info: [   -60,    -11) |+
Info: [   -11,     38) |*+
Info: [    38,     87) |
Info: [    87,    136) |*+
Info: [   136,    185) |**+
Info: [   185,    234) |*+
Info: [   234,    283) |
Info: [   283,    332) |+
Info: [   332,    381) |
Info: [   381,    430) |
Info: [   430,    479) |
Info: [   479,    528) |
Info: [   528,    577) |
Info: [   577,    626) |
Info: [   626,    675) |
Info: [   675,    724) |************************************************************
Info: [   724,    773) |********************+
Info: [   773,    822) |****************************+
Info: [   822,    871) |********************+
Info: Checksum: 0xcfed8cb6
Info: Running timing-driven placement optimisation...
Info:    Iteration 0...
Info:    Iteration 1...
Info:    Iteration 2...
Info:    Iteration 3...
Info:    Iteration 4...
Info:    Iteration 5...
Info:    Iteration 6...
Info:    Iteration 7...
Info:    Iteration 8...
Info:    Iteration 9...
Info:    Iteration 10...
Info:    Iteration 11...
Info:    Iteration 12...
Info:    Iteration 13...
Info:    Iteration 14...
Info:    Iteration 15...
Info:    Iteration 16...
Info:    Iteration 17...
Info:    Iteration 18...
Info:    Iteration 19...
Info:    Iteration 20...
Info:    Iteration 21...
Info:    Iteration 22...
Info:    Iteration 23...
Info:    Iteration 24...
Info:    Iteration 25...
Info:    Iteration 26...
Info:    Iteration 27...
Info:    Iteration 28...
Info:    Iteration 29...

Info: Routing..
Info: Setting up routing queue.
Info: Routing 1412 arcs.
Info:            |   (re-)routed arcs  |   delta    | remaining|       time spent     |
Info:    IterCnt |  w/ripup   wo/ripup |  w/r  wo/r |      arcs| batch(sec) total(sec)|
Info:       1000 |       15        984 |   15   984 |       432|       0.06       0.06|
Info:       1457 |       36       1421 |   21   437 |         0|       0.17       0.23|
Info: Routing complete.
Info: Router1 time 0.23s
Info: Checksum: 0x2772d48c

Info: Critical path report for clock 'clk_i$SB_IO_IN_$glb_clk' (posedge -> posedge):
Info: curr total
Info:  0.5  0.5  Source u_mul.b_delay_q_SB_DFFR_Q_58_DFFLC.O
Info:  1.3  1.8    Net u_mul.b_delay_q[4] (9,23) -> (7,21)
Info:                Sink u_mul.b_delay_q_SB_DFFR_Q_57_DFFLC.I0
Info:                Defined in:
Info:                  rtl/gf_logisim_mul64_low_full_retime.sv:152.16-152.25
Info:  0.5  2.3  Setup u_mul.b_delay_q_SB_DFFR_Q_57_DFFLC.I0
Info: 1.0 ns logic, 1.3 ns routing

Info: Critical path report for cross-domain path '<async>' -> 'posedge clk_i$SB_IO_IN_$glb_clk':
Info: curr total
Info:  0.0  0.0  Source a_bit_i$sb_io.D_IN_0
Info:  1.7  1.7    Net a_bit_i$SB_IO_IN (12,33) -> (12,19)
Info:                Sink u_mul.u_a_fanout.root_buffer_DFFLC.I0
Info:                Defined in:
Info:                  rtl/gf_logisim_mul64_low_full_retime.sv:23.30-23.35
Info:  0.5  2.1  Setup u_mul.u_a_fanout.root_buffer_DFFLC.I0
Info: 0.5 ns logic, 1.7 ns routing

Info: Critical path report for cross-domain path 'posedge clk_i$SB_IO_IN_$glb_clk' -> '<async>':
Info: curr total
Info:  0.5  0.5  Source u_mul.g_level[5].g_node[0].g_active.u_add.sum_lut_LC.O
Info:  1.6  2.1    Net product_bit_o$SB_IO_OUT (10,20) -> (0,20)
Info:                Sink product_bit_o$sb_io.D_OUT_0
Info:                Defined in:
Info:                  rtl/gf_logisim_mul64_low_full_retime.sv:217.17-217.26
Info: 0.5 ns logic, 1.6 ns routing

Info: Max frequency for clock 'clk_i$SB_IO_IN_$glb_clk': 438.21 MHz (PASS at 432.00 MHz)

Info: Max delay <async>                         -> posedge clk_i$SB_IO_IN_$glb_clk: 2.14 ns
Info: Max delay posedge clk_i$SB_IO_IN_$glb_clk -> <async>                        : 2.13 ns

Info: Slack histogram:
Info:  legend: * represents 8 endpoint(s)
Info:          + represents [1,8) endpoint(s)
Info: [    32,     73) |**+
Info: [    73,    114) |+
Info: [   114,    155) |
Info: [   155,    196) |+
Info: [   196,    237) |
Info: [   237,    278) |
Info: [   278,    319) |
Info: [   319,    360) |*+
Info: [   360,    401) |+
Info: [   401,    442) |*+
Info: [   442,    483) |*+
Info: [   483,    524) |
Info: [   524,    565) |+
Info: [   565,    606) |
Info: [   606,    647) |
Info: [   647,    688) |
Info: [   688,    729) |************************************************************
Info: [   729,    770) |********************+
Info: [   770,    811) |****************************+
Info: [   811,    852) |********************+
1 warning, 0 errors

Info: Program finished normally.
